// Jest Snapshot v1, https://goo.gl/fbAQLP

exports[`Chat system integration testing User A and User B: User A should be able to message User B 1`] = `
Object {
  "data": Object {
    "getConversations": Array [
      Object {
        "latestMessage": Object {
          "body": "how are you buddy?",
          "creator": Object {
            "avatarImage": "https://scontent.fsof4-1.fna.fbcdn.net/v/t1.30497-1/c71.0.240.240a/p240x240/84241059_189132118950875_4138507100605120512_n.jpg?_nc_cat=1&_nc_sid=7206a8&_nc_ohc=CD3ImewvDlgAX8f-QvY&_nc_ht=scontent.fsof4-1.fna&oh=782172992e9272da49f35f7f40ef8d63&oe=5EED0201",
            "firstName": "John",
            "lastName": "Doe",
          },
          "notifier": Object {
            "avatarImage": "https://scontent.fsof4-1.fna.fbcdn.net/v/t1.30497-1/c71.0.240.240a/p240x240/84241059_189132118950875_4138507100605120512_n.jpg?_nc_cat=1&_nc_sid=7206a8&_nc_ohc=CD3ImewvDlgAX8f-QvY&_nc_ht=scontent.fsof4-1.fna&oh=782172992e9272da49f35f7f40ef8d63&oe=5EED0201",
            "firstName": "Jack",
            "lastName": "Daniels",
          },
        },
      },
    ],
  },
  "errors": undefined,
  "extensions": undefined,
  "http": Object {
    "headers": Headers {
      Symbol(map): Object {},
    },
  },
}
`;
