// Jest Snapshot v1, https://goo.gl/fbAQLP

exports[`Notifications integration testing should not create a notification if the creator and the notifier are the same user ( authenticated ) 1`] = `
Object {
  "data": Object {
    "getNotifications": Array [],
  },
  "errors": undefined,
  "extensions": undefined,
  "http": Object {
    "headers": Headers {
      Symbol(map): Object {},
    },
  },
}
`;
